The following doctests can be run on 7-base_geometry.py

>>> from 7-base_geometry import BaseGeometry

>>> bg = BaseGeometry()

Test area() method raises the correct exception
>>> bg.area()
Traceback (most recent call last):
    ...
Exception: area() is not implemented

Test integer_validator with valid values (no exception)
>>> bg.integer_validator("my_int", 12)
>>> bg.integer_validator("width", 89)

Test integer_validator raises TypeError when value is not an integer
>>> bg.integer_validator("name", "John")
Traceback (most recent call last):
    ...
TypeError: name must be an integer

>>> bg.integer_validator("age", 3.14)
Traceback (most recent call last):
    ...
TypeError: age must be an integer

Test integer_validator raises ValueError when value <= 0
>>> bg.integer_validator("age", 0)
Traceback (most recent call last):
    ...
ValueError: age must be greater than 0

>>> bg.integer_validator("distance", -4)
Traceback (most recent call last):
    ...
ValueError: distance must be greater than 0
